Archive member included because of file (symbol)

C:\marmalade\6.2.0\s3e\edk\lib\android\libedk.a(edk_helpers.o)
                              release\s3eFlurry_platform.os (s3eEdkThreadRunOnOS)

Discarded input sections

 .text          0x00000000        0x0 c:/Android/ndk/platforms/android-9/arch-arm/usr/lib/crtbegin_so.o
 .bss           0x00000000        0x0 c:/Android/ndk/platforms/android-9/arch-arm/usr/lib/crtbegin_so.o
 .note.GNU-stack
                0x00000000        0x0 c:/Android/ndk/platforms/android-9/arch-arm/usr/lib/crtbegin_so.o
 _ZN7_JNIEnv11GetMethodIDEP7_jclassPKcS3_
                0x00000000        0x0 release\s3eFlurry_platform.os
 _ZN7_JNIEnv14CallVoidMethodEP8_jobjectP10_jmethodIDz
                0x00000000        0x0 release\s3eFlurry_platform.os
 _ZN7_JNIEnv9NewObjectEP7_jclassP10_jmethodIDz
                0x00000000        0x0 release\s3eFlurry_platform.os
 .text          0x00000000        0x0 release\s3eFlurry_platform.os
 .data          0x00000000        0x0 release\s3eFlurry_platform.os
 .note.GNU-stack
                0x00000000        0x0 release\s3eFlurry_platform.os
 .text          0x00000000        0x0 release\s3eFlurry.os
 .data          0x00000000        0x0 release\s3eFlurry.os
 .bss           0x00000000        0x0 release\s3eFlurry.os
 .note.GNU-stack
                0x00000000        0x0 release\s3eFlurry.os
 .text          0x00000000        0x0 release\s3eFlurry_register.os
 .data          0x00000000        0x0 release\s3eFlurry_register.os
 .bss           0x00000000        0x0 release\s3eFlurry_register.os
 .text._Z20s3eFlurryRegisterExtv
                0x00000000        0x0 release\s3eFlurry_register.os
 .note.GNU-stack
                0x00000000        0x0 release\s3eFlurry_register.os
 .text          0x00000000        0x0 C:\marmalade\6.2.0\s3e\edk\lib\android\libedk.a(edk_helpers.o)
 .data          0x00000000        0x0 C:\marmalade\6.2.0\s3e\edk\lib\android\libedk.a(edk_helpers.o)
 .bss           0x00000000        0x0 C:\marmalade\6.2.0\s3e\edk\lib\android\libedk.a(edk_helpers.o)
 .text.s3eEdkThreadRunOnOSAsync
                0x00000000        0x0 C:\marmalade\6.2.0\s3e\edk\lib\android\libedk.a(edk_helpers.o)
 .text.s3eEdkErrorSetString
                0x00000000        0x0 C:\marmalade\6.2.0\s3e\edk\lib\android\libedk.a(edk_helpers.o)
 .note.GNU-stack
                0x00000000        0x0 C:\marmalade\6.2.0\s3e\edk\lib\android\libedk.a(edk_helpers.o)
 .text          0x00000000        0x0 c:/Android/ndk/platforms/android-9/arch-arm/usr/lib/crtend_so.o
 .data          0x00000000        0x0 c:/Android/ndk/platforms/android-9/arch-arm/usr/lib/crtend_so.o
 .bss           0x00000000        0x0 c:/Android/ndk/platforms/android-9/arch-arm/usr/lib/crtend_so.o
 .note.GNU-stack
                0x00000000        0x0 c:/Android/ndk/platforms/android-9/arch-arm/usr/lib/crtend_so.o

Memory Configuration

Name             Origin             Length             Attributes
*default*        0x00000000         0xffffffff

Linker script and memory map

LOAD c:/Android/ndk/platforms/android-9/arch-arm/usr/lib/crtbegin_so.o
LOAD release\s3eFlurry_platform.os
LOAD release\s3eFlurry.os
LOAD release\s3eFlurry_register.os
LOAD C:\marmalade\6.2.0\s3e\edk\lib\android\libedk.a
LOAD C:\marmalade\6.2.0\s3e\edk\lib\android/libplaceholderplaceholderplaceholderplaceholderplaceholder.so
LOAD C:\Android\ndk\platforms\android-9\arch-arm\usr\lib/liblog.so
LOAD C:\Android\ndk\sources\cxx-stl\gnu-libstdc++\4.4.3\libs\armeabi\libgnustl_static.a
LOAD c:/Android/ndk/toolchains/arm-linux-androideabi-4.4.3/prebuilt/windows/bin/../lib/gcc/arm-linux-androideabi/4.4.3\libgcc.a
LOAD C:\Android\ndk\platforms\android-9\arch-arm\usr\lib/libstdc++.so
LOAD C:\Android\ndk\platforms\android-9\arch-arm\usr\lib/libm.so
LOAD C:\Android\ndk\platforms\android-9\arch-arm\usr\lib/libc.so
LOAD c:/Android/ndk/toolchains/arm-linux-androideabi-4.4.3/prebuilt/windows/bin/../lib/gcc/arm-linux-androideabi/4.4.3\libgcc.a
LOAD C:\Android\ndk\platforms\android-9\arch-arm\usr\lib/libc.so
LOAD C:\Android\ndk\platforms\android-9\arch-arm\usr\lib/libdl.so
LOAD c:/Android/ndk/toolchains/arm-linux-androideabi-4.4.3/prebuilt/windows/bin/../lib/gcc/arm-linux-androideabi/4.4.3\libgcc.a
LOAD c:/Android/ndk/platforms/android-9/arch-arm/usr/lib/crtend_so.o
                0x000000d4                . = (0x0 + SIZEOF_HEADERS)

.note.gnu.build-id
 *(.note.gnu.build-id)

.hash           0x000000d4       0xa4
 *(.hash)
 .hash          0x000000d4       0xa4 c:/Android/ndk/platforms/android-9/arch-arm/usr/lib/crtbegin_so.o

.gnu.hash
 *(.gnu.hash)

.dynsym         0x00000178      0x160
 *(.dynsym)
 .dynsym        0x00000178      0x160 c:/Android/ndk/platforms/android-9/arch-arm/usr/lib/crtbegin_so.o

.dynstr         0x000002d8      0x135
 *(.dynstr)
 .dynstr        0x000002d8      0x135 c:/Android/ndk/platforms/android-9/arch-arm/usr/lib/crtbegin_so.o

.gnu.version    0x0000040e        0x0 load address 0x0000040d
 *(.gnu.version)
 .gnu.version   0x00000000        0x0 c:/Android/ndk/platforms/android-9/arch-arm/usr/lib/crtbegin_so.o

.gnu.version_d  0x00000410        0x0 load address 0x0000040d
 *(.gnu.version_d)
 .gnu.version_d
                0x00000000        0x0 c:/Android/ndk/platforms/android-9/arch-arm/usr/lib/crtbegin_so.o

.gnu.version_r  0x00000410        0x0 load address 0x0000040d
 *(.gnu.version_r)
 .gnu.version_r
                0x00000000        0x0 c:/Android/ndk/platforms/android-9/arch-arm/usr/lib/crtbegin_so.o

.rel.dyn        0x00000410       0x90
 *(.rel.init)
 *(.rel.text .rel.text.* .rel.gnu.linkonce.t.*)
 *(.rel.fini)
 *(.rel.rodata .rel.rodata.* .rel.gnu.linkonce.r.*)
 *(.rel.data.rel.ro* .rel.gnu.linkonce.d.rel.ro.*)
 *(.rel.data .rel.data.* .rel.gnu.linkonce.d.*)
 *(.rel.tdata .rel.tdata.* .rel.gnu.linkonce.td.*)
 *(.rel.tbss .rel.tbss.* .rel.gnu.linkonce.tb.*)
 *(.rel.ctors)
 *(.rel.dtors)
 *(.rel.got)
 .rel.got       0x00000410       0x88 c:/Android/ndk/platforms/android-9/arch-arm/usr/lib/crtbegin_so.o
 *(.rel.bss .rel.bss.* .rel.gnu.linkonce.b.*)
 .rel.fini_array
                0x00000498        0x8 c:/Android/ndk/platforms/android-9/arch-arm/usr/lib/crtbegin_so.o

.rela.dyn
 *(.rela.init)
 *(.rela.text .rela.text.* .rela.gnu.linkonce.t.*)
 *(.rela.fini)
 *(.rela.rodata .rela.rodata.* .rela.gnu.linkonce.r.*)
 *(.rela.data .rela.data.* .rela.gnu.linkonce.d.*)
 *(.rela.tdata .rela.tdata.* .rela.gnu.linkonce.td.*)
 *(.rela.tbss .rela.tbss.* .rela.gnu.linkonce.tb.*)
 *(.rela.ctors)
 *(.rela.dtors)
 *(.rela.got)
 *(.rela.bss .rela.bss.* .rela.gnu.linkonce.b.*)

.rel.plt        0x000004a0       0x28
 *(.rel.plt)
 .rel.plt       0x000004a0       0x28 c:/Android/ndk/platforms/android-9/arch-arm/usr/lib/crtbegin_so.o

.rela.plt
 *(.rela.plt)

.init
 *(.init)

.plt            0x000004c8       0x50
 *(.plt)
 .plt           0x000004c8       0x50 c:/Android/ndk/platforms/android-9/arch-arm/usr/lib/crtbegin_so.o

.text           0x00000518      0xfa8
 *(.text .stub .text.* .gnu.linkonce.t.*)
 .text.exit     0x00000518       0x10 c:/Android/ndk/platforms/android-9/arch-arm/usr/lib/crtbegin_so.o
                0x00000518                __on_dlclose
 .text._ZN7_JNIEnv11GetMethodIDEP7_jclassPKcS3_
                0x00000528       0x14 release\s3eFlurry_platform.os
                0x00000528                _JNIEnv::GetMethodID(_jclass*, char const*, char const*)
 .text._Z27s3eFlurryTerminate_platformv
                0x0000053c        0x4 release\s3eFlurry_platform.os
                0x0000053c                s3eFlurryTerminate_platform()
 .text._ZN7_JNIEnv14CallVoidMethodEP8_jobjectP10_jmethodIDz
                0x00000540       0x34 release\s3eFlurry_platform.os
                0x00000540                _JNIEnv::CallVoidMethod(_jobject*, _jmethodID*, ...)
 .text._ZN7_JNIEnv9NewObjectEP7_jclassP10_jmethodIDz
                0x00000574       0x34 release\s3eFlurry_platform.os
                0x00000574                _JNIEnv::NewObject(_jclass*, _jmethodID*, ...)
 .text._Z29s3eFlurrySetLocation_platformP11s3eLocation
                0x000005a8       0x4c release\s3eFlurry_platform.os
                0x000005a8                s3eFlurrySetLocation_platform(s3eLocation*)
 .text._Z28s3eFlurrySetUserAge_platformh
                0x000005f4       0x50 release\s3eFlurry_platform.os
                0x000005f4                s3eFlurrySetUserAge_platform(unsigned char)
 .text._Z33s3eFlurryAppCircleEnable_platformv
                0x00000644       0x50 release\s3eFlurry_platform.os
                0x00000644                s3eFlurryAppCircleEnable_platform()
 .text._Z41s3eFlurrySetSessionReportOnPause_platformh
                0x00000694       0x50 release\s3eFlurry_platform.os
                0x00000694                s3eFlurrySetSessionReportOnPause_platform(unsigned char)
 .text._Z41s3eFlurrySetSessionReportOnClose_platformh
                0x000006e4       0x50 release\s3eFlurry_platform.os
                0x000006e4                s3eFlurrySetSessionReportOnClose_platform(unsigned char)
 .text._Z31s3eFlurryShowOfferWall_platformv
                0x00000734       0x50 release\s3eFlurry_platform.os
                0x00000734                s3eFlurryShowOfferWall_platform()
 .text._Z26s3eFlurryLogEvent_platformPKch
                0x00000784       0x78 release\s3eFlurry_platform.os
                0x00000784                s3eFlurryLogEvent_platform(char const*, unsigned char)
 .text._Z23s3eFlurryStart_platformPKc
                0x000007fc       0x70 release\s3eFlurry_platform.os
                0x000007fc                s3eFlurryStart_platform(char const*)
 .text._Z27s3eFlurrySetUserID_platformPKc
                0x0000086c       0x70 release\s3eFlurry_platform.os
                0x0000086c                s3eFlurrySetUserID_platform(char const*)
 .text._Z32s3eFlurrySetDefaultText_platformPKc
                0x000008dc       0x70 release\s3eFlurry_platform.os
                0x000008dc                s3eFlurrySetDefaultText_platform(char const*)
 .text._Z31s3eFlurryEndTimedEvent_platformPKc
                0x0000094c       0x70 release\s3eFlurry_platform.os
                0x0000094c                s3eFlurryEndTimedEvent_platform(char const*)
 .text._Z31s3eFlurrySetUserGender_platform19s3eFlurryUserGender
                0x000009bc       0x8c release\s3eFlurry_platform.os
                0x000009bc                s3eFlurrySetUserGender_platform(s3eFlurryUserGender)
 .text._Z30s3eFlurryShowAdBanner_platformh
                0x00000a48       0x8c release\s3eFlurry_platform.os
                0x00000a48                s3eFlurryShowAdBanner_platform(unsigned char)
 .text._Z26s3eFlurryLogError_platformPKcS0_
                0x00000ad4       0x90 release\s3eFlurry_platform.os
                0x00000ad4                s3eFlurryLogError_platform(char const*, char const*)
 .text._ZL27s3eEdkAndroidFindClass_realPKc
                0x00000b64       0xb8 release\s3eFlurry_platform.os
 .text._Z40s3eFlurryLogEventWithParameters_platformPKcPS0_jh
                0x00000c1c      0x104 release\s3eFlurry_platform.os
                0x00000c1c                s3eFlurryLogEventWithParameters_platform(char const*, char const**, unsigned int, unsigned char)
 .text._Z22s3eFlurryInit_platformv
                0x00000d20      0x408 release\s3eFlurry_platform.os
                0x00000d20                s3eFlurryInit_platform()
 .text.s3eFlurryShowOfferWall
                0x00001128        0x4 release\s3eFlurry.os
                0x00001128                s3eFlurryShowOfferWall
 .text.s3eFlurryShowAdBanner
                0x0000112c        0x4 release\s3eFlurry.os
                0x0000112c                s3eFlurryShowAdBanner
 .text.s3eFlurrySetDefaultText
                0x00001130        0x4 release\s3eFlurry.os
                0x00001130                s3eFlurrySetDefaultText
 .text.s3eFlurryAppCircleEnable
                0x00001134        0x4 release\s3eFlurry.os
                0x00001134                s3eFlurryAppCircleEnable
 .text.s3eFlurrySetSessionReportOnPause
                0x00001138        0x4 release\s3eFlurry.os
                0x00001138                s3eFlurrySetSessionReportOnPause
 .text.s3eFlurrySetSessionReportOnClose
                0x0000113c        0x4 release\s3eFlurry.os
                0x0000113c                s3eFlurrySetSessionReportOnClose
 .text.s3eFlurrySetLocation
                0x00001140        0x4 release\s3eFlurry.os
                0x00001140                s3eFlurrySetLocation
 .text.s3eFlurrySetUserGender
                0x00001144        0x4 release\s3eFlurry.os
                0x00001144                s3eFlurrySetUserGender
 .text.s3eFlurrySetUserAge
                0x00001148        0x4 release\s3eFlurry.os
                0x00001148                s3eFlurrySetUserAge
 .text.s3eFlurrySetUserID
                0x0000114c        0x4 release\s3eFlurry.os
                0x0000114c                s3eFlurrySetUserID
 .text.s3eFlurryLogError
                0x00001150        0x4 release\s3eFlurry.os
                0x00001150                s3eFlurryLogError
 .text.s3eFlurryEndTimedEvent
                0x00001154        0x4 release\s3eFlurry.os
                0x00001154                s3eFlurryEndTimedEvent
 .text.s3eFlurryLogEventWithParameters
                0x00001158        0x4 release\s3eFlurry.os
                0x00001158                s3eFlurryLogEventWithParameters
 .text.s3eFlurryLogEvent
                0x0000115c        0x4 release\s3eFlurry.os
                0x0000115c                s3eFlurryLogEvent
 .text.s3eFlurryStart
                0x00001160        0x4 release\s3eFlurry.os
                0x00001160                s3eFlurryStart
 .text._Z18s3eFlurryTerminatev
                0x00001164        0x4 release\s3eFlurry.os
                0x00001164                s3eFlurryTerminate()
 .text._Z13s3eFlurryInitv
                0x00001168        0x4 release\s3eFlurry.os
                0x00001168                s3eFlurryInit()
 .text._ZL27s3eFlurryShowOfferWall_wrapv
                0x0000116c       0x14 release\s3eFlurry_register.os
 .text._ZL26s3eFlurryShowAdBanner_wraph
                0x00001180       0x18 release\s3eFlurry_register.os
 .text._ZL28s3eFlurrySetDefaultText_wrapPKc
                0x00001198       0x18 release\s3eFlurry_register.os
 .text._ZL29s3eFlurryAppCircleEnable_wrapv
                0x000011b0       0x14 release\s3eFlurry_register.os
 .text._ZL37s3eFlurrySetSessionReportOnPause_wraph
                0x000011c4       0x18 release\s3eFlurry_register.os
 .text._ZL37s3eFlurrySetSessionReportOnClose_wraph
                0x000011dc       0x18 release\s3eFlurry_register.os
 .text._ZL25s3eFlurrySetLocation_wrapP11s3eLocation
                0x000011f4       0x18 release\s3eFlurry_register.os
 .text._ZL27s3eFlurrySetUserGender_wrap19s3eFlurryUserGender
                0x0000120c       0x18 release\s3eFlurry_register.os
 .text._ZL24s3eFlurrySetUserAge_wraph
                0x00001224       0x18 release\s3eFlurry_register.os
 .text._ZL23s3eFlurrySetUserID_wrapPKc
                0x0000123c       0x18 release\s3eFlurry_register.os
 .text._ZL22s3eFlurryLogError_wrapPKcS0_
                0x00001254       0x1c release\s3eFlurry_register.os
 .text._ZL27s3eFlurryEndTimedEvent_wrapPKc
                0x00001270       0x18 release\s3eFlurry_register.os
 .text._ZL36s3eFlurryLogEventWithParameters_wrapPKcPS0_jh
                0x00001288       0x38 release\s3eFlurry_register.os
 .text._ZL22s3eFlurryLogEvent_wrapPKch
                0x000012c0       0x1c release\s3eFlurry_register.os
 .text._ZL19s3eFlurryStart_wrapPKc
                0x000012dc       0x18 release\s3eFlurry_register.os
 .text.RegisterExt
                0x000012f4      0x19c release\s3eFlurry_register.os
                0x000012f4                RegisterExt
 .text.s3eEdkThreadRunOnOS
                0x00001490       0x30 C:\marmalade\6.2.0\s3e\edk\lib\android\libedk.a(edk_helpers.o)
                0x00001490                s3eEdkThreadRunOnOS
 *(.gnu.warning)
 *(.glue_7t)
 .glue_7t       0x00000000        0x0 linker stubs
 *(.glue_7)
 .glue_7        0x00000000        0x0 linker stubs
 *(.vfp11_veneer)
 .vfp11_veneer  0x00000000        0x0 linker stubs
 *(.v4_bx)
 .v4_bx         0x00000000        0x0 linker stubs

.fini
 *(.fini)
                0x000014c0                PROVIDE (__etext, .)
                0x000014c0                PROVIDE (_etext, .)
                0x000014c0                PROVIDE (etext, .)

.rodata         0x000014c0      0x244
 *(.rodata .rodata.* .gnu.linkonce.r.*)
 .rodata.str1.4
                0x000014c0      0x244 release\s3eFlurry_platform.os
 .rodata.str1.4
                0x00000000        0xc release\s3eFlurry_register.os

.rodata1
 *(.rodata1)

.ARM.extab
 *(.ARM.extab* .gnu.linkonce.armextab.*)
                0x00001704                __exidx_start = .

.ARM.exidx
 *(.ARM.exidx* .gnu.linkonce.armexidx.*)
                0x00001704                __exidx_end = .

.eh_frame_hdr
 *(.eh_frame_hdr)

.eh_frame
 *(.eh_frame)

.gcc_except_table
 *(.gcc_except_table .gcc_except_table.*)
                0x00001704                . = (ALIGN (0x1000) - ((0x1000 - .) & 0xfff))
                0x00002eb8                . = (0x1000 DATA_SEGMENT_ALIGN 0x1000)

.eh_frame
 *(.eh_frame)

.gcc_except_table
 *(.gcc_except_table .gcc_except_table.*)

.tdata
 *(.tdata .tdata.* .gnu.linkonce.td.*)

.tbss
 *(.tbss .tbss.* .gnu.linkonce.tb.*)
 *(.tcommon)

.preinit_array
 *(.preinit_array)

.init_array     0x00002eb8        0x4
 *(SORT(.init_array.*))
 *(.init_array)
 .init_array    0x00002eb8        0x4 c:/Android/ndk/platforms/android-9/arch-arm/usr/lib/crtend_so.o

.fini_array     0x00002ebc        0x8
 *(.fini_array)
 .fini_array    0x00002ebc        0x4 c:/Android/ndk/platforms/android-9/arch-arm/usr/lib/crtbegin_so.o
 .fini_array    0x00002ec0        0x4 c:/Android/ndk/platforms/android-9/arch-arm/usr/lib/crtend_so.o
 *(SORT(.fini_array.*))

.ctors
 *crtbegin.o(.ctors)
 *crtbegin?.o(.ctors)
 *(EXCLUDE_FILE(*crtend?.o *crtend.o) .ctors)
 *(SORT(.ctors.*))
 *(.ctors)

.dtors
 *crtbegin.o(.dtors)
 *crtbegin?.o(.dtors)
 *(EXCLUDE_FILE(*crtend?.o *crtend.o) .dtors)
 *(SORT(.dtors.*))
 *(.dtors)

.jcr
 *(.jcr)

.data.rel.ro
 *(.data.rel.ro.local* .gnu.linkonce.d.rel.ro.local.*)
 *(.data.rel.ro* .gnu.linkonce.d.rel.ro.*)

.dynamic        0x00002ec4       0xd8
 *(.dynamic)
 .dynamic       0x00002ec4       0xd8 c:/Android/ndk/platforms/android-9/arch-arm/usr/lib/crtbegin_so.o
                0x00002ec4                _DYNAMIC

.got            0x00002f9c       0x64
 *(.got.plt)
 .got.plt       0x00002f9c       0x20 c:/Android/ndk/platforms/android-9/arch-arm/usr/lib/crtbegin_so.o
                0x00002f9c                _GLOBAL_OFFSET_TABLE_
 *(.got)
 .got           0x00002fbc       0x44 c:/Android/ndk/platforms/android-9/arch-arm/usr/lib/crtbegin_so.o
                0x00003000                . = (. DATA_SEGMENT_RELRO_END 0x0)

.data           0x00003000        0x4
                0x00003000                __data_start = .
 *(.data .data.* .gnu.linkonce.d.*)
 .data          0x00003000        0x4 c:/Android/ndk/platforms/android-9/arch-arm/usr/lib/crtbegin_so.o
                0x00003000                __dso_handle

.data1
 *(.data1)
                0x00003004                _edata = .
                0x00003004                PROVIDE (edata, .)
                0x00003004                __bss_start = .
                0x00003004                __bss_start__ = .

.bss            0x00003004       0x40
 *(.dynbss)
 .dynbss        0x00000000        0x0 c:/Android/ndk/platforms/android-9/arch-arm/usr/lib/crtbegin_so.o
 *(.bss .bss.* .gnu.linkonce.b.*)
 .bss           0x00003004       0x40 release\s3eFlurry_platform.os
 *(COMMON)
                0x00003044                . = ALIGN ((. != 0x0)?0x4:0x1)
                0x00003044                _bss_end__ = .
                0x00003044                __bss_end__ = .
                0x00003044                . = ALIGN (0x4)
                0x00003044                . = ALIGN (0x4)
                0x00003044                __end__ = .
                0x00003044                _end = .
                0x00003044                PROVIDE (end, .)
                0x00003044                . = DATA_SEGMENT_END (.)

.stab
 *(.stab)

.stabstr
 *(.stabstr)

.stab.excl
 *(.stab.excl)

.stab.exclstr
 *(.stab.exclstr)

.stab.index
 *(.stab.index)

.stab.indexstr
 *(.stab.indexstr)

.comment        0x00000000       0x6d
 *(.comment)
 .comment       0x00000000       0x25 c:/Android/ndk/platforms/android-9/arch-arm/usr/lib/crtbegin_so.o
                                 0x26 (size before relaxing)
 .comment       0x00000025       0x12 release\s3eFlurry_platform.os
 .comment       0x00000037       0x12 release\s3eFlurry.os
 .comment       0x00000049       0x12 release\s3eFlurry_register.os
 .comment       0x0000005b       0x12 C:\marmalade\6.2.0\s3e\edk\lib\android\libedk.a(edk_helpers.o)

.debug
 *(.debug)

.line
 *(.line)

.debug_srcinfo
 *(.debug_srcinfo)

.debug_sfnames
 *(.debug_sfnames)

.debug_aranges
 *(.debug_aranges)

.debug_pubnames
 *(.debug_pubnames)

.debug_info
 *(.debug_info .gnu.linkonce.wi.*)

.debug_abbrev
 *(.debug_abbrev)

.debug_line
 *(.debug_line)

.debug_frame
 *(.debug_frame)

.debug_str
 *(.debug_str)

.debug_loc
 *(.debug_loc)

.debug_macinfo
 *(.debug_macinfo)

.debug_weaknames
 *(.debug_weaknames)

.debug_funcnames
 *(.debug_funcnames)

.debug_typenames
 *(.debug_typenames)

.debug_varnames
 *(.debug_varnames)

.debug_pubtypes
 *(.debug_pubtypes)

.debug_ranges
 *(.debug_ranges)

.gnu.attributes
 *(.gnu.attributes)

.note.gnu.arm.ident
 *(.note.gnu.arm.ident)

/DISCARD/
 *(.note.GNU-stack)
 *(.gnu_debuglink)
OUTPUT(C:\memrise\third_party\flurry\extensions\s3eFlurry\lib\android\libs3eFlurry.so elf32-littlearm)

.ARM.attributes
                0x00000000       0x31
 .ARM.attributes
                0x00000000       0x2d c:/Android/ndk/platforms/android-9/arch-arm/usr/lib/crtbegin_so.o
 .ARM.attributes
                0x0000002d       0x2b release\s3eFlurry_platform.os
 .ARM.attributes
                0x00000058       0x2b release\s3eFlurry.os
 .ARM.attributes
                0x00000083       0x2b release\s3eFlurry_register.os
 .ARM.attributes
                0x000000ae       0x2b C:\marmalade\6.2.0\s3e\edk\lib\android\libedk.a(edk_helpers.o)
 .ARM.attributes
                0x000000d9       0x1f c:/Android/ndk/platforms/android-9/arch-arm/usr/lib/crtend_so.o
